Running "jshint:invalid_js" (jshint) task

   src/js/jshint-invalid.js
      3 |    doSomethingUndefined();
             ^ 'doSomethingUndefined' is not defined.

>> 1 error in 1 file
Warning: Task "jshint:invalid_js" failed. Use --force to continue.

Aborted due to warnings.
